exports[`<TruncateComment /> renders matches previous snapshot 1`] = `
<div
  aria-label="Review content"
  className="truncate-comment-container">
  <div>
    <p>
      <span
        dangerouslySetInnerHTML={
          Object {
            "__html": "Lorem ipsum dolor sit amet, consectetur adipisicing elit, sed do eiusmod tempor incididunt ut labore et dolore magna aliqua. Ut enim ad minim veniam, quis nostrud exercitation ullamco laboris nisi ut aliquip ex ea commodo consequat. Duis aute irure dolor in reprehenderit in voluptate velit esse"
          }
        } />
      <span>
        …
      </span>
    </p>
    <p>
      <button
        aria-expanded={false}
        aria-haspopup="true"
        className="btn-link truncate-button"
        onClick={[Function bound toggleTruncate]}>
        SHOW MORE
      </button>
    </p>
  </div>
</div>
`;
