// Jest Snapshot v1, https://goo.gl/fbAQLP

exports[`<LeadCaptureForm /> renders matches previous snapshot 1`] = `
<section>
  <form
    noValidate={true}
  >
    <div
      id="lead-capture-form"
    />
    <div
      className="form-actions "
    >
      
      <div
        className="form-group button-wrapper"
      >
        <button
          className="fn-primary form-submit "
          onClick={[Function]}
          type="button"
        >
          Submit
        </button>
      </div>
      
    </div>
  </form>
</section>
`;
