// Jest Snapshot v1, https://goo.gl/fbAQLP

exports[`<CardList /> renders matches previous snapshot 1`] = `
<div
  className="card-list-container col-md-12 col-xs-12"
>
  <div
    className="container"
  >
    
    <div
      className="card-list-cards row"
    >
      <div
        className="col-md-3 col-xs-4 center-block"
      >
        <a
          href="/faq"
          onClick={[Function]}
        >
          <div
            className="card-wrapper"
          >
            <div
              className="card-container center-block has-shadow"
              onClick={undefined}
            >
              <div
                className="card-logo"
              >
                <img
                  alt="undefined Logo"
                  src="https://ease.apperian.com/uploads/undefined"
                />
              </div>
              <div
                className="card-info"
              >
                <div
                  className="card-name"
                />
                <div
                  className="card-publisher hidden-sm hidden-xs"
                />
              </div>
              <div
                className="card-rating"
              >
                <div
                  className="ratings-container"
                >
                  <span
                    className="ratings-number"
                  >
                    <span
                      className="sr-only"
                    >
                      Rating of
                    </span>
                    0
                  </span>
                  <span
                    className="ratings-stars"
                  >
                    <span
                      aria-hidden="true"
                    >
                      <img
                        alt="Rating Star"
                        className="ratings-star"
                        src="/images/star-outline.png"
                      />
                    </span>
                    <span
                      aria-hidden="true"
                    >
                      <img
                        alt="Rating Star"
                        className="ratings-star"
                        src="/images/star-outline.png"
                      />
                    </span>
                    <span
                      aria-hidden="true"
                    >
                      <img
                        alt="Rating Star"
                        className="ratings-star"
                        src="/images/star-outline.png"
                      />
                    </span>
                    <span
                      aria-hidden="true"
                    >
                      <img
                        alt="Rating Star"
                        className="ratings-star"
                        src="/images/star-outline.png"
                      />
                    </span>
                    <span
                      aria-hidden="true"
                    >
                      <img
                        alt="Rating Star"
                        className="ratings-star"
                        src="/images/star-outline.png"
                      />
                    </span>
                  </span>
                </div>
              </div>
            </div>
          </div>
        </a>
      </div>
    </div>
  </div>
</div>
`;
