// Jest Snapshot v1, https://goo.gl/fbAQLP

exports[`<CardList /> renders matches snapshot before and after loading 1`] = `
<section
  className="card-list-container card-list-substitute"
>
  <div
    className="row"
  >
    <div
      className="loading-container"
    >
      <p
        aria-live="polite"
        className="as-h2"
      >
        <i
          aria-hidden="true"
          className="as-h2 icon-reload"
        />
        Loading apps…
      </p>
      <div
        className="ghost-container"
      >
        <div
          className="app-ghost"
        >
          <div />
        </div>
        <div
          className="app-ghost hidden-xs"
        >
          <div />
        </div>
        <div
          className="app-ghost hidden-xs"
        >
          <div />
        </div>
        <div
          className="app-ghost hidden-xs hidden-sm"
        >
          <div />
        </div>
      </div>
    </div>
  </div>
</section>
`;

exports[`<CardList /> renders matches snapshot before and after loading 2`] = `
<section
  className="card-list-container false"
>
  <div
    className="row"
  >
    <div
      className="col-xs-12 col-sm-4 col-md-3 col-lg-3 center-block"
    >
      <div
        className="card-wrapper walkthrough-app-summary"
      >
        <a
          className="card-focus has-shadow card-container center-block  "
          href="/app/undefined"
          id="appCardundefined"
          onClick={[Function]}
        >
          <div
            className="card-logo"
          >
            <img
              alt=""
              aria-hidden="true"
              src={undefined}
            />
          </div>
          <section
            className="card-info"
          >
            <div
              className="card-name"
            />
            <div
              className="card-publisher"
            >
              <span
                className="sr-only"
              >
                Published By 
              </span>
            </div>
          </section>
          <div
            className="card-lower-meta"
          >
            <div
              className="card-rating"
            />
          </div>
        </a>
      </div>
    </div>
    <div
      className="col-xs-12 col-sm-4 col-md-3 col-lg-3 center-block"
    >
      <div
        className="card-wrapper walkthrough-app-summary"
      >
        <a
          className="card-focus has-shadow card-container center-block  "
          href="/app/undefined"
          id="appCardundefined"
          onClick={[Function]}
        >
          <div
            className="card-logo"
          >
            <img
              alt=""
              aria-hidden="true"
              src={undefined}
            />
          </div>
          <section
            className="card-info"
          >
            <div
              className="card-name"
            />
            <div
              className="card-publisher"
            >
              <span
                className="sr-only"
              >
                Published By 
              </span>
            </div>
          </section>
          <div
            className="card-lower-meta"
          >
            <div
              className="card-rating"
            />
          </div>
        </a>
      </div>
    </div>
    <div
      className="col-xs-12 col-sm-4 col-md-3 col-lg-3 center-block"
    >
      <div
        className="card-wrapper walkthrough-app-summary"
      >
        <a
          className="card-focus has-shadow card-container center-block  "
          href="/app/undefined"
          id="appCardundefined"
          onClick={[Function]}
        >
          <div
            className="card-logo"
          >
            <img
              alt=""
              aria-hidden="true"
              src={undefined}
            />
          </div>
          <section
            className="card-info"
          >
            <div
              className="card-name"
            />
            <div
              className="card-publisher"
            >
              <span
                className="sr-only"
              >
                Published By 
              </span>
            </div>
          </section>
          <div
            className="card-lower-meta"
          >
            <div
              className="card-rating"
            />
          </div>
        </a>
      </div>
    </div>
    <div
      className="col-xs-12 col-sm-4 col-md-3 col-lg-3 center-block"
    >
      <div
        className="card-wrapper walkthrough-app-summary"
      >
        <a
          className="card-focus has-shadow card-container center-block  "
          href="/app/undefined"
          id="appCardundefined"
          onClick={[Function]}
        >
          <div
            className="card-logo"
          >
            <img
              alt=""
              aria-hidden="true"
              src={undefined}
            />
          </div>
          <section
            className="card-info"
          >
            <div
              className="card-name"
            />
            <div
              className="card-publisher"
            >
              <span
                className="sr-only"
              >
                Published By 
              </span>
            </div>
          </section>
          <div
            className="card-lower-meta"
          >
            <div
              className="card-rating"
            />
          </div>
        </a>
      </div>
    </div>
    <div
      className="col-xs-12 col-sm-4 col-md-3 col-lg-3 center-block"
    >
      <div
        className="card-wrapper walkthrough-app-summary"
      >
        <a
          className="card-focus has-shadow card-container center-block  "
          href="/app/undefined"
          id="appCardundefined"
          onClick={[Function]}
        >
          <div
            className="card-logo"
          >
            <img
              alt=""
              aria-hidden="true"
              src={undefined}
            />
          </div>
          <section
            className="card-info"
          >
            <div
              className="card-name"
            />
            <div
              className="card-publisher"
            >
              <span
                className="sr-only"
              >
                Published By 
              </span>
            </div>
          </section>
          <div
            className="card-lower-meta"
          >
            <div
              className="card-rating"
            />
          </div>
        </a>
      </div>
    </div>
  </div>
</section>
`;

exports[`<CardList /> renders matches snapshot with no results 1`] = `
<section
  className="card-list-container false"
>
  <div
    className="row"
  >
    <div
      className="col-xs-12 col-sm-4 col-md-3 col-lg-3 center-block"
    >
      <div
        className="card-wrapper walkthrough-app-summary"
      >
        <a
          className="card-focus has-shadow card-container center-block  "
          href="/app/undefined"
          id="appCardundefined"
          onClick={[Function]}
        >
          <div
            className="card-logo"
          >
            <img
              alt=""
              aria-hidden="true"
              src={undefined}
            />
          </div>
          <section
            className="card-info"
          >
            <div
              className="card-name"
            />
            <div
              className="card-publisher"
            >
              <span
                className="sr-only"
              >
                Published By 
              </span>
            </div>
          </section>
          <div
            className="card-lower-meta"
          >
            <div
              className="card-rating"
            />
          </div>
        </a>
      </div>
    </div>
    <div
      className="col-xs-12 col-sm-4 col-md-3 col-lg-3 center-block"
    >
      <div
        className="card-wrapper walkthrough-app-summary"
      >
        <a
          className="card-focus has-shadow card-container center-block  "
          href="/app/undefined"
          id="appCardundefined"
          onClick={[Function]}
        >
          <div
            className="card-logo"
          >
            <img
              alt=""
              aria-hidden="true"
              src={undefined}
            />
          </div>
          <section
            className="card-info"
          >
            <div
              className="card-name"
            />
            <div
              className="card-publisher"
            >
              <span
                className="sr-only"
              >
                Published By 
              </span>
            </div>
          </section>
          <div
            className="card-lower-meta"
          >
            <div
              className="card-rating"
            />
          </div>
        </a>
      </div>
    </div>
    <div
      className="col-xs-12 col-sm-4 col-md-3 col-lg-3 center-block"
    >
      <div
        className="card-wrapper walkthrough-app-summary"
      >
        <a
          className="card-focus has-shadow card-container center-block  "
          href="/app/undefined"
          id="appCardundefined"
          onClick={[Function]}
        >
          <div
            className="card-logo"
          >
            <img
              alt=""
              aria-hidden="true"
              src={undefined}
            />
          </div>
          <section
            className="card-info"
          >
            <div
              className="card-name"
            />
            <div
              className="card-publisher"
            >
              <span
                className="sr-only"
              >
                Published By 
              </span>
            </div>
          </section>
          <div
            className="card-lower-meta"
          >
            <div
              className="card-rating"
            />
          </div>
        </a>
      </div>
    </div>
    <div
      className="col-xs-12 col-sm-4 col-md-3 col-lg-3 center-block"
    >
      <div
        className="card-wrapper walkthrough-app-summary"
      >
        <a
          className="card-focus has-shadow card-container center-block  "
          href="/app/undefined"
          id="appCardundefined"
          onClick={[Function]}
        >
          <div
            className="card-logo"
          >
            <img
              alt=""
              aria-hidden="true"
              src={undefined}
            />
          </div>
          <section
            className="card-info"
          >
            <div
              className="card-name"
            />
            <div
              className="card-publisher"
            >
              <span
                className="sr-only"
              >
                Published By 
              </span>
            </div>
          </section>
          <div
            className="card-lower-meta"
          >
            <div
              className="card-rating"
            />
          </div>
        </a>
      </div>
    </div>
    <div
      className="col-xs-12 col-sm-4 col-md-3 col-lg-3 center-block"
    >
      <div
        className="card-wrapper walkthrough-app-summary"
      >
        <a
          className="card-focus has-shadow card-container center-block  "
          href="/app/undefined"
          id="appCardundefined"
          onClick={[Function]}
        >
          <div
            className="card-logo"
          >
            <img
              alt=""
              aria-hidden="true"
              src={undefined}
            />
          </div>
          <section
            className="card-info"
          >
            <div
              className="card-name"
            />
            <div
              className="card-publisher"
            >
              <span
                className="sr-only"
              >
                Published By 
              </span>
            </div>
          </section>
          <div
            className="card-lower-meta"
          >
            <div
              className="card-rating"
            />
          </div>
        </a>
      </div>
    </div>
  </div>
</section>
`;

exports[`<CardList /> renders matches snapshot with zero, one, and many cards 1`] = `
<section
  className="card-list-container card-list-substitute"
>
  <div
    className="row"
  />
</section>
`;

exports[`<CardList /> renders matches snapshot with zero, one, and many cards 2`] = `
<section
  className="card-list-container false"
>
  <div
    className="row"
  >
    <div
      className="col-xs-12 col-sm-4 col-md-3 col-lg-3 center-block"
    >
      <div
        className="card-wrapper walkthrough-app-summary"
      >
        <a
          className="card-focus has-shadow card-container center-block  "
          href="/app/undefined"
          id="appCardundefined"
          onClick={[Function]}
        >
          <div
            className="card-logo"
          >
            <img
              alt=""
              aria-hidden="true"
              src={undefined}
            />
          </div>
          <section
            className="card-info"
          >
            <div
              className="card-name"
            />
            <div
              className="card-publisher"
            >
              <span
                className="sr-only"
              >
                Published By 
              </span>
            </div>
          </section>
          <div
            className="card-lower-meta"
          >
            <div
              className="card-rating"
            />
          </div>
        </a>
      </div>
    </div>
  </div>
</section>
`;

exports[`<CardList /> renders matches snapshot with zero, one, and many cards 3`] = `
<section
  className="card-list-container false"
>
  <div
    className="row"
  >
    <div
      className="col-xs-12 col-sm-4 col-md-3 col-lg-3 center-block"
    >
      <div
        className="card-wrapper walkthrough-app-summary"
      >
        <a
          className="card-focus has-shadow card-container center-block  "
          href="/app/undefined"
          id="appCardundefined"
          onClick={[Function]}
        >
          <div
            className="card-logo"
          >
            <img
              alt=""
              aria-hidden="true"
              src={undefined}
            />
          </div>
          <section
            className="card-info"
          >
            <div
              className="card-name"
            />
            <div
              className="card-publisher"
            >
              <span
                className="sr-only"
              >
                Published By 
              </span>
            </div>
          </section>
          <div
            className="card-lower-meta"
          >
            <div
              className="card-rating"
            />
          </div>
        </a>
      </div>
    </div>
  </div>
</section>
`;
