exports[`<TableRow> snapshot tests:  render tests: should render with props 1`] = `
<div
  aria-rowindex={1}
  className="table-row "
  role="row">
  <span
    className="center-container">
    <div
      className="table-cell favorite-name-column"
      role="cell">
      <div
        className="row-contents-wrapper">
        <span>
          Best Pineapple Pizza
        </span>
      </div>
    </div>
  </span>
</div>
`;
