exports[`<AdminDashboard /> renders matches previous snapshot 1`] = `
<article
  id="admin-dashboard-page">
  <div
    className="container">
    <div
      className="col-xs-12">
      <h1>
        Administration
      </h1>
    </div>
    <div
      className="row no-gutters">
      <section
        className="col-xs-12 col-lg-8 manage-actions">
        <div
          className="col-xs-12">
          <h2
            className="as-h4">
            Management
          </h2>
        </div>
        <nav>
          <ul>
            <li
              className="col-xs-12" />
            <li
              className="col-xs-12" />
            <li
              className="col-xs-12 col-sm-6">
              <a
                className="dashboard-card manage-apps has-shadow"
                href="/admin/manage-apps"
                onClick={[Function anonymous]}>
                <div
                  className="desc">
                  <h3>
                    Manage apps
                  </h3>
                  <p>
                    Push an app to your Mobile Device Management(MDM) solution, recommend apps, block apps
                  </p>
                </div>
                <span>
                  Manage apps 
                  <i
                    aria-hidden="true"
                    className="icon-arrowRight" />
                </span>
              </a>
            </li>
            <li
              className="col-xs-12 col-sm-6" />
          </ul>
        </nav>
      </section>
      <aside
        className="col-xs-12 col-lg-4 shop-actions">
        <div
          className="col-xs-12">
          <h2
            className="as-h4">
            Purchasing & Provisioning
          </h2>
        </div>
        <nav>
          <ul>
            <li
              className="col-xs-12 col-md-6 col-lg-12" />
            <li
              className="col-xs-12 col-md-6 col-lg-12">
              <a
                className="dashboard-card shop-specialized-devices has-shadow"
                href="/admin/devices"
                onClick={[Function anonymous]}>
                <div
                  className="desc">
                  <h3>
                    Shop specialized devices
                  </h3>
                  <p>
                    Purchase ruggedized devices, vehicle routers, etc.
                  </p>
                </div>
                <span>
                  Shop Specialized Devices
                  <i
                    aria-hidden="true"
                    className="icon-arrowRight" />
                </span>
              </a>
            </li>
            <li
              className="col-xs-12 col-md-6 col-lg-12">
              <a
                className="dashboard-card shop-solutions has-shadow"
                href="/admin/solutions"
                onClick={[Function anonymous]}>
                <div
                  className="desc">
                  <h3>
                    Shop public safety solutions
                  </h3>
                  <p>
                    Browse public safety solutions and choose which are best for your organization
                  </p>
                </div>
                <span>
                  Shop Public Safety Solutions 
                  <i
                    aria-hidden="true"
                    className="icon-arrowRight" />
                </span>
              </a>
            </li>
          </ul>
        </nav>
      </aside>
    </div>
  </div>
</article>
`;

exports[`<AdminDashboard /> renders matches previous snapshot 2`] = `
<article
  id="admin-dashboard-page">
  <div
    className="container">
    <div
      className="col-xs-12">
      <h1>
        Administration
      </h1>
    </div>
    <div
      className="row no-gutters">
      <section
        className="col-xs-12 col-lg-8 manage-actions">
        <div
          className="col-xs-12">
          <h2
            className="as-h4">
            Management
          </h2>
        </div>
        <nav>
          <ul>
            <li
              className="col-xs-12" />
            <li
              className="col-xs-12" />
            <li
              className="col-xs-12 col-sm-6">
              <a
                className="dashboard-card manage-apps has-shadow"
                href="/admin/manage-apps"
                onClick={[Function anonymous]}>
                <div
                  className="desc">
                  <h3>
                    Manage apps
                  </h3>
                  <p>
                    Push an app to your Mobile Device Management(MDM) solution, recommend apps, block apps
                  </p>
                </div>
                <span>
                  Manage apps 
                  <i
                    aria-hidden="true"
                    className="icon-arrowRight" />
                </span>
              </a>
            </li>
            <li
              className="col-xs-12 col-sm-6" />
          </ul>
        </nav>
      </section>
      <aside
        className="col-xs-12 col-lg-4 shop-actions">
        <div
          className="col-xs-12">
          <h2
            className="as-h4">
            Purchasing & Provisioning
          </h2>
        </div>
        <nav>
          <ul>
            <li
              className="col-xs-12 col-md-6 col-lg-12" />
            <li
              className="col-xs-12 col-md-6 col-lg-12">
              <a
                className="dashboard-card shop-specialized-devices has-shadow"
                href="/admin/devices"
                onClick={[Function anonymous]}>
                <div
                  className="desc">
                  <h3>
                    Shop specialized devices
                  </h3>
                  <p>
                    Purchase ruggedized devices, vehicle routers, etc.
                  </p>
                </div>
                <span>
                  Shop Specialized Devices
                  <i
                    aria-hidden="true"
                    className="icon-arrowRight" />
                </span>
              </a>
            </li>
            <li
              className="col-xs-12 col-md-6 col-lg-12">
              <a
                className="dashboard-card shop-solutions has-shadow"
                href="/admin/solutions"
                onClick={[Function anonymous]}>
                <div
                  className="desc">
                  <h3>
                    Shop public safety solutions
                  </h3>
                  <p>
                    Browse public safety solutions and choose which are best for your organization
                  </p>
                </div>
                <span>
                  Shop Public Safety Solutions 
                  <i
                    aria-hidden="true"
                    className="icon-arrowRight" />
                </span>
              </a>
            </li>
          </ul>
        </nav>
      </aside>
    </div>
  </div>
</article>
`;
