exports[`<FeedbackSuccessPage /> render matches previous snapshot 1`] = `
<section
  className="success-page">
  <div
    className="container">
    <div
      className="col-xs-12 col-md-offset-1 col-md-10 col-lg-offset-1 col-lg-10">
      <p>
        We appreciate you taking the time to provide your thoughts about this site. Your comments will help us to improve our tools going forward.
      </p>
      <a
        className="fn-primary"
        href="/"
        onClick={[Function anonymous]}>
        Return to Home Page
      </a>
    </div>
  </div>
</section>
`;
