exports[`<NetworkStatusPage /> render matches previous snapshot 1`] = `
<article
  className="content-wrapper "
  id="network-page">
  <iframe
    aria-hidden="true"
    className="hidden-iframe"
    src="https://geo.stage.att.com/appBoard/views/firstnet-pse-remote-auth-dev.html" />
  <section
    id="map-section">
    <div
      className="map-placeholder">
      <p
        aria-live="polite"
        className="as-h2">
        <i
          aria-hidden="true"
          className="as-h2 icon-reload" />
        Loading map…
      </p>
    </div>
  </section>
</article>
`;
