// Jest Snapshot v1, https://goo.gl/fbAQLP

exports[`<SessionTimeoutPage /> render matches previous snapshot 1`] = `
<article
  id="session-timeout"
>
  <header
    className="fnnav pse"
    role="banner"
  >
    <div
      className="fnnav__mainbar"
    >
      <div
        className="container"
      >
        <div
          className="fnnav__header"
        >
          <div
            className="fnnav__brand"
          >
            <div
              className="logo-container"
            >
              <img
                alt=""
                aria-hidden="true"
                src="/images/logo-FirstNet-local-control.svg"
              />
            </div>
          </div>
        </div>
      </div>
    </div>
  </header>
  <section
    className="session-timeout"
  >
    <div
      className="container"
    >
      <div
        className="col-xs-12 col-md-offset-1 col-md-10 col-lg-offset-1 col-lg-10 "
      >
        <div
          className="text-center"
        >
          <a
            className="fn-primary"
            href="https://oidc.stage.flogin.att.com/isam/oidc/endpoint/amapp-runtime-PSE/authorize?response_type=id_token+token&client_id=m11635&state=FWpMHzl61gXfcnMmwkp4&&scope=openid&nonce=dsZHN5kvm2a4cVIA0ZdN&response_mode=form_post"
          >
            Go to Login
          </a>
        </div>
      </div>
    </div>
  </section>
</article>
`;
