// Jest Snapshot v1, https://goo.gl/fbAQLP

exports[`<ShopSolutionsPage /> render matches snapshot with zero, one and many cards 1`] = `
<article
  id="shop-solutions-page"
>
  <div
    className="container center-block"
  >
    <section
      className="intro-block col-xs-12"
    >
      <h1>
        For Public Safety, By Public Safety
      </h1>
      <p>
        The FirstNet Applications Store and Solutions Catalog offers enhanced technologies to complement public safety's fundamental services and applications. Current solutions include applications that are designed to improve workflow and communication, enhance device and connection security, and enable public safety organizations to scale departmental capabilities by utilizing cloud and IP-based services.
      </p>
      <p>
        FirstNet is cultivating a dedicated public safety applications development program, with participation from leading providers across the applications development community. Many more solutions will be added in response to these focused efforts and as public safety needs evolve.
      </p>
      <p>
        <strong>
          Contact your FirstNet Solutions Consultant or call 
          <a
            href="tel:833-717-8638"
          >
            <span
              className="sr-only"
            >
              FirstNet Solutions Phone: 
            </span>
            833-717-8638
          </a>
           to learn more about FirstNet Solutions and pricing details.
        </strong>
      </p>
    </section>
    <section
      className="all-cards-wrapper"
    >
      <nav />
    </section>
  </div>
</article>
`;

exports[`<ShopSolutionsPage /> render matches snapshot with zero, one and many cards 2`] = `
<article
  id="shop-solutions-page"
>
  <div
    className="container center-block"
  >
    <section
      className="intro-block col-xs-12"
    >
      <h1>
        For Public Safety, By Public Safety
      </h1>
      <p>
        The FirstNet Applications Store and Solutions Catalog offers enhanced technologies to complement public safety's fundamental services and applications. Current solutions include applications that are designed to improve workflow and communication, enhance device and connection security, and enable public safety organizations to scale departmental capabilities by utilizing cloud and IP-based services.
      </p>
      <p>
        FirstNet is cultivating a dedicated public safety applications development program, with participation from leading providers across the applications development community. Many more solutions will be added in response to these focused efforts and as public safety needs evolve.
      </p>
      <p>
        <strong>
          Contact your FirstNet Solutions Consultant or call 
          <a
            href="tel:833-717-8638"
          >
            <span
              className="sr-only"
            >
              FirstNet Solutions Phone: 
            </span>
            833-717-8638
          </a>
           to learn more about FirstNet Solutions and pricing details.
        </strong>
      </p>
    </section>
    <section
      className="all-cards-wrapper"
    >
      <nav />
    </section>
  </div>
</article>
`;

exports[`<ShopSolutionsPage /> render matches snapshot with zero, one and many cards 3`] = `
<article
  id="shop-solutions-page"
>
  <div
    className="container center-block"
  >
    <section
      className="intro-block col-xs-12"
    >
      <h1>
        For Public Safety, By Public Safety
      </h1>
      <p>
        The FirstNet Applications Store and Solutions Catalog offers enhanced technologies to complement public safety's fundamental services and applications. Current solutions include applications that are designed to improve workflow and communication, enhance device and connection security, and enable public safety organizations to scale departmental capabilities by utilizing cloud and IP-based services.
      </p>
      <p>
        FirstNet is cultivating a dedicated public safety applications development program, with participation from leading providers across the applications development community. Many more solutions will be added in response to these focused efforts and as public safety needs evolve.
      </p>
      <p>
        <strong>
          Contact your FirstNet Solutions Consultant or call 
          <a
            href="tel:833-717-8638"
          >
            <span
              className="sr-only"
            >
              FirstNet Solutions Phone: 
            </span>
            833-717-8638
          </a>
           to learn more about FirstNet Solutions and pricing details.
        </strong>
      </p>
    </section>
    <section
      className="all-cards-wrapper"
    >
      <nav />
    </section>
  </div>
</article>
`;
