// Jest Snapshot v1, https://goo.gl/fbAQLP

exports[`<SolutionsCategoryTemplate /> render matches snapshot with zero, one and many cards 1`] = `
<article
  id="solutions-category-page"
>
  <div
    className="container"
  >
    <section
      className="intro-block"
    />
    <section
      className="all-cards-wrapper text-center"
    >
      <nav
        className="center-block"
      />
    </section>
  </div>
</article>
`;

exports[`<SolutionsCategoryTemplate /> render matches snapshot with zero, one and many cards 2`] = `
<article
  id="solutions-category-page"
>
  <div
    className="container"
  >
    <section
      className="intro-block"
    />
    <section
      className="all-cards-wrapper text-center"
    >
      <nav
        className="center-block"
      />
    </section>
  </div>
</article>
`;

exports[`<SolutionsCategoryTemplate /> render matches snapshot with zero, one and many cards 3`] = `
<article
  id="solutions-category-page"
>
  <div
    className="container"
  >
    <section
      className="intro-block"
    />
    <section
      className="all-cards-wrapper text-center"
    >
      <nav
        className="center-block"
      />
    </section>
  </div>
</article>
`;
