exports[`<SolutionsDetailsTemplate /> render matches snapshot with and without purchasing info 1`] = `
<article
  id="solutions-details-page">
  <div
    className="container">
    <section
      className="details-wrapper col-lg-offset-1 col-lg-10">
      <div
        className="row">
        <div
          className="col-xs-12 content-wrapper">
          <div
            dangerouslySetInnerHTML={
              Object {
                "__html": Object {
                  "path": "match"
                }
              }
            } />
        </div>
      </div>
    </section>
    <div
      className="col-lg-offset-1 col-lg-10" />
  </div>
</article>
`;

exports[`<SolutionsDetailsTemplate /> render matches snapshot with and without purchasing info 2`] = `
<article
  id="solutions-details-page">
  <div
    className="container">
    <section
      className="details-wrapper col-lg-offset-1 col-lg-10">
      <div
        className="row">
        <div
          className="col-xs-12 content-wrapper">
          <div
            dangerouslySetInnerHTML={
              Object {
                "__html": Object {
                  "path": "match"
                }
              }
            } />
        </div>
      </div>
    </section>
    <div
      className="col-lg-offset-1 col-lg-10" />
  </div>
</article>
`;
