exports[`<SolutionsDetailsTemplate /> render matches snapshot 1`] = `
<article
  className="solutions-details-page"
  id="solutions-details-page">
  <div
    className="container">
    <div
      className="row">
      <section
        className="details-wrapper col-lg-offset-1 col-lg-10">
        <div
          className="content-wrapper">
          <div
            dangerouslySetInnerHTML={
              Object {
                "__html": undefined
              }
            } />
        </div>
      </section>
    </div>
  </div>
</article>
`;
