// Jest Snapshot v1, https://goo.gl/fbAQLP

exports[`<SuccessPage /> render matches previous snapshot 1`] = `
<section
  className="success-page"
>
  <div
    className="container"
  >
    <div
      className="col-xs-12 col-md-offset-1 col-md-10 col-lg-offset-1 col-lg-10"
    >
      <h1>
        Sucess!
      </h1>
      <p>
        Your action was successful.
      </p>
      <a
        className="brand-primary"
        href="/"
        onClick={[Function]}
      >
        Go Home
      </a>
    </div>
  </div>
</section>
`;
