// Jest Snapshot v1, https://goo.gl/fbAQLP

exports[`<FaqEntry /> render testing matches snapshot 1`] = `
<article
  className="faq-entry"
>
  <h3
    id="faq-100"
  >
    Sample Question
  </h3>
</article>
`;

exports[`<FaqEntry /> render testing matches snapshot 2`] = `
<article
  className="faq-entry"
>
  <h3
    id="faq-100"
  >
    Sample Question
  </h3>
</article>
`;
