// Jest Snapshot v1, https://goo.gl/fbAQLP

exports[`<Faq /> Render testing Matches snapshot 1`] = `
<div>
  <div
    className="faq-top-header"
  >
    <div
      className="image-box"
    >
      <div
        className="container"
      >
        <div
          className="row"
        >
          <div
            className="col-xs-12 col-sm-10 col-sm-offset-1 faq-header-box"
          />
        </div>
      </div>
    </div>
  </div>
  <article
    className="container"
  >
    <div
      className="row"
    >
      <div
        className="faq-header col-xs-12 col-sm-10 col-sm-offset-1"
      >
        <div
          className="hidden-xs"
        >
          <div
            className="faq-category-tabs"
          >
            <ul>
              <li>
                <button
                  className="as-link category-tab-button "
                  onClick={[Function]}
                  role="button"
                  value="TEST CATEGORY"
                >
                  TEST CATEGORY
                </button>
              </li>
            </ul>
          </div>
        </div>
        <div
          className="hidden-sm hidden-md hidden-lg"
        >
          <div
            className="faq-category-select"
          >
            <form>
              <label
                htmlFor="faqCategory"
              >
                Filter By Category
              </label>
              <select
                className="form-control"
                id="faqCategory"
                onChange={[Function]}
                value="All"
              >
                <option
                  value="All"
                >
                  All Categories
                </option>
                <option
                  value="TEST CATEGORY"
                >
                  TEST CATEGORY
                </option>
              </select>
            </form>
          </div>
        </div>
        <div
          className="horizontal-line-header"
        >
          <h2>
            All
          </h2>
        </div>
        <div
          className="faq-entry-list"
        />
      </div>
    </div>
  </article>
</div>
`;
