exports[`<IBMForm /> renders displays an error when any field is empty 1`] = `<div />`;

exports[`<IBMForm /> renders displays an error when any field is empty 2`] = `<div />`;

exports[`<IBMForm /> renders displays an error when any field is empty 3`] = `<div />`;

exports[`<IBMForm /> renders displays an error when any field is empty 4`] = `<div />`;

exports[`<IBMForm /> renders displays an error when any field is empty 5`] = `<div />`;

exports[`<IBMForm /> renders displays an error when any field is empty 6`] = `<div />`;

exports[`<IBMForm /> renders displays an error when any field is empty 7`] = `<div />`;

exports[`<IBMForm /> renders displays an error when any field is empty 8`] = `<div />`;

exports[`<IBMForm /> renders matches previous snapshot 1`] = `<div />`;
