exports[`<MDMAlerts /> renders renders with many alerts 1`] = `
<div
  className="alerts-wrapper">
  <div
    className="alert alert-error"
    role="alert">
    <button
      className="close_btn"
      onClick={[Function bound ]}
      type="button">
      <span
        aria-hidden="true">
        ×
      </span>
      <span
        className="sr-only">
        Close alert
      </span>
    </button>
    <p>
      <strong>
        Error: 
      </strong>
      Please correct the errors below.
    </p>
  </div>
  <div
    className="alert alert-error"
    role="alert">
    <button
      className="close_btn"
      onClick={[Function bound ]}
      type="button">
      <span
        aria-hidden="true">
        ×
      </span>
      <span
        className="sr-only">
        Close alert
      </span>
    </button>
    <p>
      <strong>
        Error: 
      </strong>
      Please correct the errors below.
    </p>
  </div>
  <div
    className="alert alert-error"
    role="alert">
    <button
      className="close_btn"
      onClick={[Function bound ]}
      type="button">
      <span
        aria-hidden="true">
        ×
      </span>
      <span
        className="sr-only">
        Close alert
      </span>
    </button>
    <p>
      <strong>
        Error: 
      </strong>
      Please correct the errors below.
    </p>
  </div>
  <div
    className="alert alert-error"
    role="alert">
    <button
      className="close_btn"
      onClick={[Function bound ]}
      type="button">
      <span
        aria-hidden="true">
        ×
      </span>
      <span
        className="sr-only">
        Close alert
      </span>
    </button>
    <p>
      <strong>
        Error: 
      </strong>
      Please correct the errors below.
    </p>
  </div>
  <div
    className="alert alert-error"
    role="alert">
    <button
      className="close_btn"
      onClick={[Function bound ]}
      type="button">
      <span
        aria-hidden="true">
        ×
      </span>
      <span
        className="sr-only">
        Close alert
      </span>
    </button>
    <p>
      <strong>
        Error: 
      </strong>
      Please correct the errors below.
    </p>
  </div>
</div>
`;

exports[`<MDMAlerts /> renders renders with no alerts 1`] = `
<div
  className="alerts-wrapper" />
`;

exports[`<MDMAlerts /> renders renders with one alert 1`] = `
<div
  className="alerts-wrapper">
  <div
    className="alert alert-error"
    role="alert">
    <button
      className="close_btn"
      onClick={[Function bound ]}
      type="button">
      <span
        aria-hidden="true">
        ×
      </span>
      <span
        className="sr-only">
        Close alert
      </span>
    </button>
    <p>
      <strong>
        Error: 
      </strong>
      Please correct the errors below.
    </p>
  </div>
</div>
`;
