exports[`<BreadcrumbNav /> renders a breadcrumb of links matches previous snapshot 1`] = `
<nav
  aria-label="You are here:"
  className="breadcrumb-nav hidden-xs">
  <div
    className="container">
    <div
      className="row">
      <div
        className="col-xs-12">
        <ol>
          <li>
            <a
              href="/link1"
              onClick={[Function anonymous]}
              tabIndex={0}>
              Link Level 1
            </a>
            <span
              aria-hidden="true"
              className="icon-arrowRight" />
          </li>
          <li>
            <a
              href="/link1/link2"
              onClick={[Function anonymous]}
              tabIndex={0}>
              Link Level 2
            </a>
            <span
              aria-hidden="true"
              className="icon-arrowRight" />
          </li>
          <li>
            <a
              href="/link1/link2/link3"
              onClick={[Function anonymous]}
              tabIndex={0}>
              Link Level 3
            </a>
            <span
              aria-hidden="true"
              className="icon-arrowRight" />
          </li>
          <li>
            <a
              href="/link1/link2/link3/link4"
              onClick={[Function anonymous]}
              tabIndex={-1}>
              Link Level 4
            </a>
            <span
              aria-hidden="true"
              className="icon-arrowRight" />
          </li>
        </ol>
      </div>
    </div>
  </div>
</nav>
`;
