exports[`<RatingsChart /> renders matches snapshot for ratings-chart 1`] = `
<div
  aria-describedby="chart-info"
  className="ratings-chart">
  <div
    className="sr-only"
    id="chart-info">
    This app has 
     reviews with an average rating of 
    4.1
    .
  </div>
  <div
    className="row is-flex">
    <div
      className="col-xs-12 col-sm-4 col-md-4 col-lg-3 col-lg-offset-1 average-ratings-col">
      <div
        className="total-reviews">
        <span />
      </div>
    </div>
    <div
      className="col-xs-12 col-sm-8 col-md-8 col-lg-7 overall-ratings-col">
      <div
        className="zero-reviews">
        No Reviews Yet!
      </div>
    </div>
  </div>
</div>
`;

exports[`<RatingsChart /> renders matches snapshot for ratings-chart when only one review is passed in 1`] = `
<div
  aria-describedby="chart-info"
  className="ratings-chart">
  <div
    className="sr-only"
    id="chart-info">
    This app has 
     reviews with an average rating of 
    3
    .
  </div>
  <div
    className="row is-flex">
    <div
      className="col-xs-12 col-sm-4 col-md-4 col-lg-3 col-lg-offset-1 average-ratings-col">
      <div
        className="total-reviews">
        <span />
      </div>
    </div>
    <div
      className="col-xs-12 col-sm-8 col-md-8 col-lg-7 overall-ratings-col">
      <div
        className="zero-reviews">
        No Reviews Yet!
      </div>
    </div>
  </div>
</div>
`;

exports[`<RatingsChart /> renders matches snapshot for ratings-chart when zeroes are passed in 1`] = `
<div
  aria-describedby="chart-info"
  className="ratings-chart">
  <div
    className="sr-only"
    id="chart-info">
    This app has 
     reviews with an average rating of 
    0
    .
  </div>
  <div
    className="row is-flex">
    <div
      className="col-xs-12 col-sm-4 col-md-4 col-lg-3 col-lg-offset-1 average-ratings-col">
      <div
        className="total-reviews">
        <span />
      </div>
    </div>
    <div
      className="col-xs-12 col-sm-8 col-md-8 col-lg-7 overall-ratings-col">
      <div
        className="zero-reviews">
        No Reviews Yet!
      </div>
    </div>
  </div>
</div>
`;
