exports[`<FeedbackForm /> renders matches previous snapshot 1`] = `
<section>
  <form
    noValidate={true}>
    <div
      id="feedback-form">
      <div
        className="text-block">
        <p>
          Your feedback will help us respond to issues and improve your overall experience. 
          <span
            aria-hidden="true">
            If you are experiencing technical issues with devices/applications/network, please call 
          </span>
          <a
            href="tel:800-574-7000">
            <span
              className="sr-only">
              If you are experiencing technical issues with devices/applications/network, please call 
            </span>
            800-574-7000
          </a>
          .
        </p>
      </div>
    </div>
    <div
      className="form-actions ">
      
      <div
        className="form-group button-wrapper">
        <button
          className="fn-primary form-submit "
          onClick={[Function anonymous]}
          type="button">
          Submit
        </button>
      </div>
      
    </div>
  </form>
  <div
    aria-labelledby="modal-title"
    className="modal fade"
    id="exit-modal"
    role="dialog"
    tabIndex="-1">
    <div>
      <div
        className="modal-dialog">
        <div
          className="modal-content">
          <button
            className="fn-modal-close"
            onClick={[Function anonymous]}
            type="button">
            <i
              aria-hidden="true"
              className="icon-close" />
            <span
              className="sr-only">
              Close window
            </span>
          </button>
          <div
            className="row no-gutters"
            id="modal-title">
            <div
              className="col-xs-12">
              <h1
                className="as-h2">
                Unsaved changes
              </h1>
              <p>
                Your form changes will not be saved if you navigate away from this page.
              </p>
            </div>
            <div
              className="col-xs-12 text-center">
              <button
                className="fn-primary"
                onClick={[Function anonymous]}>
                Stay on Page
              </button>
              <button
                className="fn-secondary"
                onClick={[Function anonymous]}>
                Discard Changes
              </button>
            </div>
          </div>
        </div>
      </div>
    </div>
  </div>
</section>
`;
