// Jest Snapshot v1, https://goo.gl/fbAQLP

exports[`<PurchasingInfo /> render tests matches previous snapshot 1`] = `
<section
  className="purchasing-info"
>
  <h2
    className="purchasing-info-headline"
  >
    For Purchasing
  </h2>
  <hr
    className="purchasing-info-hr"
  />
  <div>
    <ul
      className="purchase-options-list"
    >
      <li
        className="purchasing-options-list-item"
      >
        <strong
          className="purchasing-options-strong"
        >
          Contact:
        </strong>
        <span
          className="purchasing-options-non-link"
          dangerouslySetInnerHTML={
            Object {
              "__html": "Don Johnson",
            }
          }
        />
      </li>
      <li
        className="purchasing-options-list-item"
      >
        <strong
          aria-hidden="true"
          className="purchasing-options-strong"
        >
          Phone:
        </strong>
        <a
          className="purchasing-options-link"
          href="tel:1-555-IAM-VICE"
        >
          <span
            className="sr-only"
          >
            Phone: 
          </span>
          1-555-IAM-VICE
        </a>
      </li>
      <li
        className="purchasing-options-list-item"
      >
        <strong
          aria-hidden="true"
          className="purchasing-options-strong"
        >
          Email:
        </strong>
        <a
          className="purchasing-options-link"
          href="mailto:don_the_heat@hotmail.com"
        >
          <span
            className="sr-only"
          >
            Email: 
          </span>
          don_the_heat@hotmail.com
        </a>
      </li>
      <li
        className="purchasing-options-list-item"
      >
        <strong
          className="purchasing-options-strong"
        >
          Company:
        </strong>
        <span
          dangerouslySetInnerHTML={
            Object {
              "__html": "Fast 'n Hot Speedboats'",
            }
          }
        />
      </li>
      <li
        className="purchasing-options-list-item"
      >
        <strong
          aria-hidden="true"
          className="purchasing-options-strong"
        >
          Website:
        </strong>
        <span
          className="sr-only"
        >
          Website: 
        </span>
      </li>
    </ul>
  </div>
</section>
`;

exports[`<PurchasingInfo /> render tests should render with no purchasing info shown 1`] = `
<section
  className="purchasing-info"
>
  <h2
    className="purchasing-info-headline"
  >
    For Purchasing
  </h2>
  <hr
    className="purchasing-info-hr"
  />
  <div>
    <ul
      className="purchase-options-list"
    />
  </div>
</section>
`;
