// Jest Snapshot v1, https://goo.gl/fbAQLP

exports[`<PurchasingInfo /> render tests matches previous snapshot 1`] = `
<section
  className="purchasing-info"
>
  <h2>
    For Purchasing
  </h2>
  <hr />
  <div>
    <ul
      className="purchase-options-list"
    >
      <li>
        <strong>
          Contact:
        </strong>
        <span
          dangerouslySetInnerHTML={
            Object {
              "__html": "Don Johnson",
            }
          }
        />
      </li>
      <li>
        <strong
          aria-hidden="true"
        >
          Phone:
        </strong>
        <a
          href="tel:1-555-IAM-VICE"
        >
          <span
            className="sr-only"
          >
            Phone: 
          </span>
          1-555-IAM-VICE
        </a>
      </li>
      <li>
        <strong
          aria-hidden="true"
        >
          Email:
        </strong>
        <a
          href="mailto:don_the_heat@hotmail.com"
        >
          <span
            className="sr-only"
          >
            Email: 
          </span>
          don_the_heat@hotmail.com
        </a>
      </li>
      <li>
        <strong>
          Company:
        </strong>
        <span
          dangerouslySetInnerHTML={
            Object {
              "__html": "Fast 'n Hot Speedboats'",
            }
          }
        />
      </li>
      <li>
        <strong
          aria-hidden="true"
        >
          Website:
        </strong>
        <a
          href="http://www.fastnhotspeedboats.com"
        >
          <span
            className="sr-only"
          >
            Website: 
          </span>
          fastnhotspeedboats.com
        </a>
      </li>
    </ul>
  </div>
</section>
`;

exports[`<PurchasingInfo /> render tests should render with no purchasing info shown 1`] = `
<section
  className="purchasing-info"
>
  <h2>
    For Purchasing
  </h2>
  <hr />
  <div>
    <ul
      className="purchase-options-list"
    />
  </div>
</section>
`;
