exports[`<PSESelector /> render matches previous PSE Selector snapshot for multiple available PSEs 1`] = `
<div
  className="pse-selector-btn">
  <div
    className="dropdown btn-group">
    <button
      className="dropdown-toggle btn btn-default"
      data-toggle="dropdown"
      id="pse-selector"
      role="button" />
    <ul
      aria-labelledby="pse-selector"
      className="dropdown-menu dropdown-menu-right"
      role="menu">
      <li
        role="presentation">
        <a
          data-value={0}
          href="#"
          onClick={[Function anonymous]}
          tabIndex="-1">
          Fire & Rescue Station 32
        </a>
      </li>
      <li
        role="presentation">
        <a
          data-value={1}
          href="#"
          onClick={[Function anonymous]}
          tabIndex="-1">
          Fire Station 12
        </a>
      </li>
      <li
        role="presentation">
        <a
          data-value={2}
          href="#"
          onClick={[Function anonymous]}
          tabIndex="-1">
          Fire & Rescue Station 24
        </a>
      </li>
      <li
        role="presentation">
        <a
          data-value={3}
          href="#"
          onClick={[Function anonymous]}
          tabIndex="-1">
          Fire Station 6
        </a>
      </li>
      <li
        role="presentation">
        <a
          data-value={4}
          href="#"
          onClick={[Function anonymous]}
          tabIndex="-1">
          Fire Station 10
        </a>
      </li>
    </ul>
  </div>
</div>
`;

exports[`<PSESelector /> render matches previous PSE Selector snapshot for one available PSE 1`] = `
<div
  className="pse-selector-btn">
  <div
    id="pse-selector">
    <p />
  </div>
</div>
`;
